use \n to indicate newlines, get funky with escaping \\n embed some 'quotes' and "double quotes", maybe even a \, and use #{hash and braces} for string interpolation.
